2018-01-13 01:36:05,080 - INFO - Current time: Sat Jan 13 01:36:05 2018
2018-01-13 01:36:07,083 - INFO - Current time: Sat Jan 13 01:36:07 2018
2018-01-13 01:36:09,086 - INFO - Current time: Sat Jan 13 01:36:09 2018
2018-01-13 01:36:11,089 - INFO - Current time: Sat Jan 13 01:36:11 2018
2018-01-13 01:39:54,705 - INFO - debug message
2018-01-13 01:40:31,721 - INFO - debug message
2018-01-13 01:42:59,152 - INFO - debug message
2018-01-13 01:43:33,694 - INFO - debug message
2018-01-13 01:43:48,960 - INFO - debug message
2018-01-13 01:44:58,798 - INFO - debug message
2018-01-13 01:45:36,089 - INFO - debug message
2018-01-13 01:45:41,960 - INFO - debug message
2018-01-13 01:45:42,715 - INFO - debug message
2018-01-13 01:45:43,350 - INFO - debug message
2018-01-13 01:45:53,495 - INFO - debug message
2018-01-13 01:46:33,761 - INFO - debug message
2018-01-13 01:47:05,106 - INFO - debug message
2018-01-13 01:47:05,106 - INFO - debug message
2018-01-13 01:47:05,107 - INFO - debug message
2018-01-13 01:47:05,107 - INFO - debug message
2018-01-13 01:47:05,107 - INFO - debug message
2018-01-13 01:47:05,107 - INFO - debug message
2018-01-13 01:47:05,107 - INFO - debug message
2018-01-13 01:47:05,107 - INFO - debug message
2018-01-13 01:47:05,107 - INFO - debug message
2018-01-13 01:47:05,107 - INFO - debug message
2018-01-13 01:47:05,108 - INFO - debug message
2018-01-13 01:47:05,108 - INFO - debug message
2018-01-13 01:47:54,134 - INFO - debug message
2018-01-13 01:47:54,135 - INFO - debug message
2018-01-13 01:47:54,135 - INFO - debug message
2018-01-13 01:47:54,135 - INFO - debug message
2018-01-13 01:47:54,135 - INFO - debug message
2018-01-13 01:47:54,135 - INFO - debug message
2018-01-13 01:47:54,135 - INFO - debug message
2018-01-13 01:47:54,135 - INFO - debug message
2018-01-13 01:47:54,136 - INFO - debug message
2018-01-13 01:47:54,136 - INFO - debug message
2018-01-13 01:47:54,136 - INFO - debug message
2018-01-13 01:47:54,136 - INFO - debug message
2018-01-13 01:48:00,004 - INFO - debug message
2018-01-13 01:48:00,005 - INFO - debug message
2018-01-13 01:48:00,005 - INFO - debug message
2018-01-13 01:48:00,005 - INFO - debug message
2018-01-13 01:48:00,005 - INFO - debug message
2018-01-13 01:48:00,005 - INFO - debug message
2018-01-13 01:48:00,005 - INFO - debug message
2018-01-13 01:48:00,006 - INFO - debug message
2018-01-13 01:48:00,006 - INFO - debug message
2018-01-13 01:48:00,006 - INFO - debug message
2018-01-13 01:48:00,006 - INFO - debug message
2018-01-13 01:48:00,006 - INFO - debug message
2018-01-13 01:51:18,111 - INFO - Load News ...
2018-01-13 01:51:20,239 - INFO - Tokenizing ...
2018-01-13 01:51:24,801 - INFO - Remove StopWords ...
2018-01-13 01:51:39,555 - INFO - Stemming ...
2018-01-13 01:52:31,875 - INFO - Add Tokens To DB ...
2018-01-13 01:53:41,639 - INFO - Load News ...
2018-01-13 01:53:42,559 - INFO - Tokenizing ...
2018-01-13 01:53:47,052 - INFO - Remove StopWords ...
2018-01-13 01:54:01,793 - INFO - Stemming ...
2018-01-13 01:54:01,794 - INFO - Add Tokens To DB ...
2018-01-13 01:57:35,087 - INFO - Load News ...
2018-01-13 01:57:36,246 - INFO - Tokenizing ...
2018-01-13 01:57:41,302 - INFO - Remove StopWords ...
2018-01-13 01:57:56,007 - INFO - Stemming ...
2018-01-13 01:57:56,008 - INFO - Add Tokens To DB ...
2018-01-13 12:13:04,625 - INFO - Check Database ... 
2018-01-13 12:13:05,565 - INFO - Open File : reut2-000.sgm ... 
2018-01-13 12:15:14,509 - INFO - Load News ...
2018-01-13 12:16:04,941 - INFO - Tokenizing ...
2018-01-13 12:16:05,098 - INFO - Remove StopWords ...
2018-01-13 12:16:05,506 - INFO - Stemming ...
2018-01-13 12:16:05,506 - INFO - Add Tokens To DB ...
2018-01-13 12:17:31,710 - INFO - Check Database ... 
2018-01-13 12:17:33,586 - INFO - Open File : reut2-000.sgm ... 
2018-01-13 12:18:37,974 - INFO - Load News ...
2018-01-13 12:18:47,657 - INFO - Tokenizing ...
2018-01-13 12:18:47,813 - INFO - Remove StopWords ...
2018-01-13 12:18:48,219 - INFO - Stemming ...
2018-01-13 12:18:48,220 - INFO - Add Tokens To DB ...
2018-01-13 12:20:04,423 - INFO - Load News ...
2018-01-13 12:20:05,845 - INFO - Tokenizing ...
2018-01-13 12:20:06,003 - INFO - Remove StopWords ...
2018-01-13 12:20:06,404 - INFO - Stemming ...
2018-01-13 12:20:08,035 - INFO - Add Tokens To DB ...
